// Jest Snapshot v1, https://goo.gl/fbAQLP

exports[`Homepage renders correctly 1`] = `
.c0 {
  height: 20px;
  background-color: green;
}

<div
  data-testid="homepage"
>
  <h1>
    Homepage
  </h1>
  <div>
    <a
      href="/about"
      onClick={[Function]}
    >
      About Us
    </a>
  </div>
  <div
    className="c0"
    data-testid="currentCount"
  >
    Count: 
    0
     
    <button
      onClick={[Function]}
    >
      Add
    </button>
  </div>
  <img
    alt="Sample Image"
    src="test-file-stub"
  />
</div>
`;
